Waiting for Kafka scrape readiness (up to 60s)...
Kafka scrape ready (two successful checks).
Running measure-uc4-network-delay-01add96f; results: /Users/emil/Workspace/ecoscape-files/simple-measurements/uniform-1000-20260913/uc4-network-delay-r4/results
Cancellation/timeout leaves the experiment running. Stop with: kubectl -n default delete experiment measure-uc4-network-delay-01add96f
Running Deploying
Running TopologyDelay
Running WaitingForTopology
Running LoadDelay
Running PreChaosMeasurement
Running ChaosMeasurement
Succeeded 
Exported 54 scheduled evaluations to /Users/emil/Workspace/ecoscape-files/simple-measurements/uniform-1000-20260913/uc4-network-delay-r4/results/samples-prometheus.csv
{
  "passed_basic_checks": true,
  "problems": [],
  "settled_samples": {
    "PreChaosMeasurement": 3,
    "ChaosMeasurement": 3
  },
  "fault_injected": true,
  "note": "Injection status does not establish physical fault magnitude. No end-to-end latency is measured.",
  "policy": "lag-coverage-v2-phase-check-v4-export-count",
  "sample_source": "samples-prometheus.csv",
  "warnings": [
    "PreChaosMeasurement: health observation at +133.5s overlaps phase end; not used for readiness/injection verdict",
    "ChaosMeasurement: health observation at +114.1s overlaps phase end; not used for readiness/injection verdict"
  ],
  "coverage": {
    "PreChaosMeasurement": {
      "expected_bins": 18,
      "valid_bins": 18,
      "missing_bins": 0,
      "longest_missing_bins": 0,
      "max_gap_seconds": 5.0
    },
    "ChaosMeasurement": {
      "expected_bins": 12,
      "valid_bins": 12,
      "missing_bins": 0,
      "longest_missing_bins": 0,
      "max_gap_seconds": 5.0
    }
  },
  "policy_details": "Per phase after 60s: >=90% five-second bins valid, at most one consecutive missing bin, no gap >15s. No interpolation. Health and injection checks unchanged. With a Prometheus export, local polling counts are diagnostic only."
}
{
  "passed_basic_checks": true,
  "problems": [],
  "settled_samples": {
    "PreChaosMeasurement": 3,
    "ChaosMeasurement": 3
  },
  "fault_injected": true,
  "note": "Injection status does not establish physical fault magnitude. No end-to-end latency is measured.",
  "policy": "lag-coverage-v2-phase-check-v4-export-count",
  "sample_source": "samples-prometheus.csv",
  "warnings": [
    "PreChaosMeasurement: health observation at +133.5s overlaps phase end; not used for readiness/injection verdict",
    "ChaosMeasurement: health observation at +114.1s overlaps phase end; not used for readiness/injection verdict"
  ],
  "coverage": {
    "PreChaosMeasurement": {
      "expected_bins": 18,
      "valid_bins": 18,
      "missing_bins": 0,
      "longest_missing_bins": 0,
      "max_gap_seconds": 5.0
    },
    "ChaosMeasurement": {
      "expected_bins": 12,
      "valid_bins": 12,
      "missing_bins": 0,
      "longest_missing_bins": 0,
      "max_gap_seconds": 5.0
    }
  },
  "policy_details": "Per phase after 60s: >=90% five-second bins valid, at most one consecutive missing bin, no gap >15s. No interpolation. Health and injection checks unchanged. With a Prometheus export, local polling counts are diagnostic only."
}
After reviewing results, teardown: kubectl -n default delete experiment measure-uc4-network-delay-01add96f
Cleanup: measure-uc4-network-delay-01add96f, its manifest ConfigMaps/ChaosPhase, and UC4 internal topics/consumer group
Also remove orphan input/output/configuration/feedback topics declared in this run, after ownership and consumer checks.
Deleting inactive consumer group theodolite-uc4-application-0.0.1
Deleting orphan from recorded run: input
Stopped: Unable to connect to the server: dial tcp 192.168.48.195:443: i/o timeout. Existing experiments are not deleted; inspect cluster status.
Cleanup: measure-uc4-network-delay-01add96f, its manifest ConfigMaps/ChaosPhase, and UC4 internal topics/consumer group
Also remove orphan input/output/configuration/feedback topics declared in this run, after ownership and consumer checks.
Cleanup verified: consumer group absent in three consecutive checks.
