Waiting for Kafka scrape readiness (up to 60s)...
Kafka scrape ready (two successful checks).
Running measure-uc3-cpu-stress-b078d8c5; results: /home/e/Workspace/theodolite-benchmarking/series/loss30-delay250-cpu2/uc3-cpu-stress-r4/results
Cancellation/timeout leaves the experiment running. Stop with: kubectl -n default delete experiment measure-uc3-cpu-stress-b078d8c5
Running TopologyDelay
Running WaitingForTopology
Running LoadDelay
Running PreChaosMeasurement
Running ChaosMeasurement
Succeeded 
Exported 54 scheduled evaluations to /home/e/Workspace/theodolite-benchmarking/series/loss30-delay250-cpu2/uc3-cpu-stress-r4/results/samples-prometheus.csv
{
  "passed_basic_checks": true,
  "problems": [],
  "settled_samples": {
    "PreChaosMeasurement": 18,
    "ChaosMeasurement": 12
  },
  "fault_injected": true,
  "note": "Injection status does not establish physical fault magnitude. No end-to-end latency is measured.",
  "policy": "lag-coverage-v2-phase-check-v4-export-count",
  "sample_source": "samples-prometheus.csv",
  "warnings": [
    "PreChaosMeasurement: health observation at +149.0s overlaps phase end; not used for readiness/injection verdict",
    "ChaosMeasurement: health observation at +119.0s overlaps phase end; not used for readiness/injection verdict"
  ],
  "coverage": {
    "PreChaosMeasurement": {
      "expected_bins": 18,
      "valid_bins": 18,
      "missing_bins": 0,
      "longest_missing_bins": 0,
      "max_gap_seconds": 5.0
    },
    "ChaosMeasurement": {
      "expected_bins": 12,
      "valid_bins": 12,
      "missing_bins": 0,
      "longest_missing_bins": 0,
      "max_gap_seconds": 5.0
    }
  },
  "policy_details": "Per phase after 60s: >=90% five-second bins valid, at most one consecutive missing bin, no gap >15s. No interpolation. Health and injection checks unchanged. With a Prometheus export, local polling counts are diagnostic only."
}
{
  "passed_basic_checks": true,
  "problems": [],
  "settled_samples": {
    "PreChaosMeasurement": 18,
    "ChaosMeasurement": 12
  },
  "fault_injected": true,
  "note": "Injection status does not establish physical fault magnitude. No end-to-end latency is measured.",
  "policy": "lag-coverage-v2-phase-check-v4-export-count",
  "sample_source": "samples-prometheus.csv",
  "warnings": [
    "PreChaosMeasurement: health observation at +149.0s overlaps phase end; not used for readiness/injection verdict",
    "ChaosMeasurement: health observation at +119.0s overlaps phase end; not used for readiness/injection verdict"
  ],
  "coverage": {
    "PreChaosMeasurement": {
      "expected_bins": 18,
      "valid_bins": 18,
      "missing_bins": 0,
      "longest_missing_bins": 0,
      "max_gap_seconds": 5.0
    },
    "ChaosMeasurement": {
      "expected_bins": 12,
      "valid_bins": 12,
      "missing_bins": 0,
      "longest_missing_bins": 0,
      "max_gap_seconds": 5.0
    }
  },
  "policy_details": "Per phase after 60s: >=90% five-second bins valid, at most one consecutive missing bin, no gap >15s. No interpolation. Health and injection checks unchanged. With a Prometheus export, local polling counts are diagnostic only."
}
After reviewing results, teardown: kubectl -n default delete experiment measure-uc3-cpu-stress-b078d8c5
Cleanup: measure-uc3-cpu-stress-b078d8c5, its manifest ConfigMaps/ChaosPhase, and UC3 internal topics/consumer group
Also remove orphan input/output/configuration/feedback topics declared in this run, after ownership and consumer checks.
Waiting for inactive consumer group theodolite-uc3-application-0.0.1: GROUP                            COORDINATOR (ID)                                                          ASSIGNMENT-STRATEGY  STATE                #MEMBERS
theodolite-uc3-application-0.0.1 kafka-cluster-dual-role-1.kafka-cluster-kafka-brokers.kafka.svc:9092  (1) stream               Stable               1
Waiting for inactive consumer group theodolite-uc3-application-0.0.1: GROUP                            COORDINATOR (ID)                                                          ASSIGNMENT-STRATEGY  STATE                #MEMBERS
theodolite-uc3-application-0.0.1 kafka-cluster-dual-role-1.kafka-cluster-kafka-brokers.kafka.svc:9092  (1) stream               Stable               1
Waiting for inactive consumer group theodolite-uc3-application-0.0.1: GROUP                            COORDINATOR (ID)                                                          ASSIGNMENT-STRATEGY  STATE                #MEMBERS
theodolite-uc3-application-0.0.1 kafka-cluster-dual-role-1.kafka-cluster-kafka-brokers.kafka.svc:9092  (1) stream               Stable               1
Waiting for inactive consumer group theodolite-uc3-application-0.0.1: GROUP                            COORDINATOR (ID)                                                          ASSIGNMENT-STRATEGY  STATE                #MEMBERS
theodolite-uc3-application-0.0.1 kafka-cluster-dual-role-1.kafka-cluster-kafka-brokers.kafka.svc:9092  (1) stream               Stable               1
Deleting inactive consumer group theodolite-uc3-application-0.0.1
Deleting orphan from recorded run: input
Cleanup verified: consumer group absent in three consecutive checks.
